// Jest Snapshot v1, https://goo.gl/fbAQLP

exports[`<InlineQuote/> should match snapshot 1`] = `
<Section
  className="theme--tint-alpha inline-quote"
  data-test="component-inline-quote"
>
  <Container>
    <Row>
      <Flex
        className="flex"
      >
        <blockquote>
          This is a blockquote
        </blockquote>
      </Flex>
    </Row>
  </Container>
</Section>
`;
