// Jest Snapshot v1, https://goo.gl/fbAQLP

exports[`<ImageBlock/> should match snapshot 1`] = `
<Section
  className="theme--tint-alpha imageBlock"
  data-test="component-"
>
  <Container>
    <Row>
      <Flex
        className="flex"
      >
        ImageBlock
      </Flex>
    </Row>
  </Container>
</Section>
`;
