// Jest Snapshot v1, https://goo.gl/fbAQLP

exports[`<PressPack/> should match snapshot 1`] = `
<Section
  className="pressPack"
  data-test="component-press-pack"
  theme="tint-alpha"
>
  <Container
    fluid={false}
  >
    <Row>
      <Flex
        className="pressPackContent"
        colLg={6}
      >
        <Heading
          className="pressPackHeading"
        >
          Press Pack
        </Heading>
        <p
          className="pressPackCopy"
          dangerouslySetInnerHTML={
            Object {
              "__html": undefined,
            }
          }
        />
        <Button
          behaviour="anchor"
          className="pressPackButton"
          link="http://pixeltwist.test/wp-content/uploads/2019/08/Logo.zip"
          theme="brand"
        >
          Download our Press Pack
        </Button>
      </Flex>
      <Flex
        className="pressPackImageWrapper ml-auto"
        colLg={6}
      >
        <img
          alt="Press pack supportive image"
          className="pressPackImage"
          height={1348}
          loading="lazy"
          src="/08/459366921_medium.jpg"
          width={2227}
        />
      </Flex>
    </Row>
  </Container>
</Section>
`;
